0.18247205601010172
0.18878618157640842	0.2518380517593432	1.503050965247942
0.2318028339035284
0.216048666276448
0.31200435089484035
0.18458167590727761
1.290857201449279	0.27387820916472616	9.158754301610934
0.5627189778670108	0.1575478318435092	7.543295626675722
0.40377821707789713	0.14372733980060903	8.942094454203852
0.28317988849783826
0.34568228454189326
0.3877696500126561
0.23842489300244046
0.2786056654537834
0.2622001962760434
0.31883046548160215
0.28093144463003716	0.2056110204078283	1.295689180033972
0.2167781707760637
0.2743173189049995
0.2672615347373673
0.34130853622009255
0.2012306239078322	0.2734363594116734	4.471414650477045
0.4541925195210356
0.27846601885353356	0.2651885656701118	6.76210683226489
0.36206040789704924
0.272019469786628
0.2795142193132123
0.21230377374551057
0.32269573571373444	0.36666041599141597	8.841447300544917
0.37464031891315813	0.18967514393645798	4.945660174188522
0.208407866647546
0.2673108769540286	0.23006574364613608	6.65524705099291
0.28845338523396363
0.3132170274877799
0.33138995326809423
0.21785982151751124	0.2248413042525504	6.794567325028936
0.23438808774040987
0.3596617714159288
0.7966361347024636	0.2816679031595496	8.000259018031345
0.41767647025419197
0.22331455547740253	0.4230280177622939	6.090310775468312
0.29008864482187513
0.23544675224989817
0.3564288548984793
0.3167023067710304
0.19502292295664517
0.237336080457018
0.425618724135878
0.2307938454201458
0.2917349489956179
1.388425636874958	0.2381426652327945	9.346259199950103
0.3616229153720367
0.29487214086539587
0.3392852219091831
0.8196728189657436	0.28057997835518156	9.102845680807214
0.9804103455690202	0.2069243059213301	7.853492816567654
1.1050427865789223	0.17194140407716393	10.064772459165724
1.8176454867084237	0.3389719459071928	9.895203009824908
1.6215390893887602	0.24301485265086473	9.321962493141129
0.2470475880364574
0.23240366006425728
0.21089203153497482
0.22740262592306784
0.17951646877237493
0.19196391277307503
0.1599376043080067	0.2962412131898249	1.8493535943383526
0.19587580147433548
0.47719818227403216	0.17227217904125694	2.447725827543896
1.4069151442264178	0.4389858930864194	9.707776115333743
0.27354693808445874
0.9648588309071996	0.303703523857086	10.161987157877036
0.39838235586978227
0.3077679250793816
0.3668830543145913	0.331650309082817	0.10139559149387134	4.126257954021197	1.854044117067199
0.3060366189909406
0.31702807178196124
0.8167530295173279	0.22157201359830334	8.348553836540441
0.293073499556208
0.4782919012492043	0.1863855948246185	1.4039510187138537
0.36083859800802276
0.15579307771607448
0.15924960760177073
0.6596407979885149	0.2222118833264307	10.180631280920101
0.30019918431994935
0.22289005795913977
0.29805706010910105
0.2915251282863914	0.23747177280530668	2.778952649655969
0.2837370952493176
0.44472333211717213
0.347889535640449
0.33314901790581664
0.30812288032676194	0.1536115071609619	1.170024500016256
1.09004294219531	0.29055129807421526	9.785092705346647
0.24171511095068865
0.24098276869290364
0.4185304187412385
0.2754854302867007
0.2454946622018497	0.08520195390034746	1.0569184594532706
0.2698472544114714
0.22323091974280432
0.8675796453452297	0.27040805993388634	10.104701351194773
0.5275864691574227
0.27363582266201214
0.3217418118556321	0.1752560705209301	1.6843923695409324
0.4612940985239107	0.4948237463483673	6.194590082620317
0.3043760526664622
0.2641729864780106	0.09311761259973773	1.2361705766626674
0.21060012817011908
0.6950540485052262	0.09439948067418098	8.90558066421291
0.3252962651978537
0.37661376751417713	0.16801921751091406	0.7017909047967272
0.33561286170414945
0.3284042869155861	0.12246088897382411	1.2015541562006533
0.2381531568777907
0.37771796792292495
0.20110131824550567
0.319913065234775
0.36567572984849017
1.6250245033045208	0.2337638103070911	9.937142954968635
2.1105943637882807	0.22443765395909746	10.17055530623763
0.2047187350649771	0.21955789217166363	6.487443797445106
0.25648986956335973
0.38218176783333174	0.24512878430636797	1.6552325711237381
0.36005223869478875	0.4160564449730897	1.5656106479480476
0.28869755403756664
0.328164337265481	1.0929866298245356	0.20279799434655077	7.790025068981139	7.2278208959539345
0.1942838928646564
0.23605686074769397
0.34248355687720883
0.14521556268902314
1.017004971962294	0.3742473441509291	10.180015207255508
0.3648198861620555	0.19992414478019768	2.549168052805668
0.2364949656256214
0.3143956296053755
0.25586545004816696
0.2321711612878248
0.2727029752578712
0.44188609379102184
0.2409990176076959
0.3968511716974851	0.1018905162001255	1.579503814395947
0.24732295728217654
0.25362358776297506
0.26737158238589465
0.3850865117363419	0.08298008920776935	1.614014481642661
0.24676527967052364
0.3453763841806073	0.10679247408864927	1.0646874174236296
0.23309114274896983
0.2183025893244134
0.48928696778490294	0.24975493371938087	3.052505706184233
0.18696410364605603	0.27935764579582795	9.301692698849857
0.3035210387744208
0.26317684577114453
0.25932579785307946	0.13372593892433293	1.0465850351493986
0.21455239537730614	0.2874632129680016	4.974801772647141
0.23928261866649644
0.27704067842613683
0.2760359424601632
0.23614119239848186
0.3933575551472408
0.21454173369941568
0.29207081177279204	0.33869634730661463	4.128373309926235
0.266491229235454
0.22612007572403492
0.7321506970300831	0.24086900459182245	10.121411275532903
1.285311505644352	0.23168430881297028	9.912310040337704
0.23792935974307913
0.267949775207974	0.25071482692810576	2.22759585474692
0.22841308312779837
0.33704924089908855
0.24726546116860154
0.22850097530821356
0.25818128736380463
0.4421554066367767	0.12103517609651275	1.1713713599353914
0.19345081478107243
0.23537438437629696
0.2335080396710836
0.3200857752240603	0.2699679307327498	2.9492314839103204
0.2629081192644644
0.3225286783194491	0.13019308477216912	2.9654045885622717
0.37022570143807326	0.10664938510864783	1.4219092680047125
0.48728028726321393	0.28854509029946573	3.0607558345196546
0.2585602462543295
0.31107444687314856
1.6324740326767186	0.2415614941568342	9.726658560490561
0.28230794115071267
0.14354736969967036	0.20590446113745847	5.254172490502894
0.4341367322111259	0.3535031948442238	0.06682237836783918	2.7534060422447526	1.4382205516519817
0.5230680948691139	0.13473500511245415	1.3568736754830204
0.5161923486968625	0.2800296344756234	0.08382012550332757	10.169647987169215	1.7942660696501582
0.23694619686770643	0.07054827968003825	0.8882980641661865
0.22032616577838657
0.3027287323446039
0.31843315514850706
0.43090294325456796
0.23288284938770196
0.18562467666224333
0.28327355279733013
0.3210200200359451
0.24715552198074428
0.27044895130703817
0.37109523263177424	0.34713521115491985	7.7910129778785375
0.30034552044525364
0.43315233734877445	0.26742826684604093	4.849291793175914
0.34125858847834906	0.10992316654611234	1.2048309154212125
0.38164663245297
0.45728210153779875	0.16376678054428323	0.5663660887239587
0.4178012093304049
0.5468494002381301	0.30598389090500033	8.615942763725508
0.1872845761781284	0.1817133312553561	2.321897106046805
0.28110282286281574
0.2561418925948139
0.26772366256989943
0.26368051965583156
0.268361040949889
0.3657105384845802
0.15846155876669954	0.3699489194951914	8.400416511630263
0.3864455488019455	0.28879371425098405	6.655017630124215
0.28519857807713234	0.17190597423990525	3.117588842185873
0.4935643301215137
0.23699379102547813
0.2866904589950308
0.19215117172185903	0.07460398135277162	1.3223946784295582
0.3998817112837201
0.24079250048180215
0.2844035683290199
0.28257703631630254
0.3756715270952975	0.4910021241960111	0.3745440584428701	4.851123572011943	4.1499332660169745
0.36113859345944727
0.2897800979992585
0.35029344377324917	0.2907238889692255	0.0918796240361317	5.995688052013716	0.7409181597002406
0.28931500479246264
0.3106008032944621
0.266522784714503
0.20418512615975729
0.1784993871300221	0.2503294512090905	6.0065171867784795
0.348224317322941
0.23692467897112077
0.32871053689571117	0.2602626748058054	9.714551689668273
0.2067535124538897
0.2656790763017959
0.23391365360764457
0.26407354779815234
0.29165886282090137
1.5136003732850816	0.3195674581951625	0.20456984374531698	9.672017462791764	1.9839393640380187
1.5171698476876814	0.43152667545816276	0.2810854566286456	9.537458725204475	4.1099400842846405
1.93796291669768	0.520843627401966	0.0966273410555436	9.800050693637763	1.4175315703256826
3.078902480730954	0.3930873757285847	0.07054618584440535	9.983794516213996	1.4048740807687268
2.4990667455809072	0.3836761221244556	0.0776695068226448	9.696214651898327	1.3836316871800949
1.8249510139661231	0.2289076486156357	9.873092532368487
1.5116382379521471	0.26243844586456927	0.12881186884750637	8.277225233659111	1.559694970901794
1.4262990871907832	0.18490913532257755	10.060251553868762
0.8426365401892116	0.1861204237602024	9.142749681539447
0.2592911468498614
0.30014734778040636	0.19769987207545292	7.617637077303491
0.2853646713072674
0.34751465045936913
0.3052925869992502
0.5608997031442787	0.1613646971379467	5.96632190701789
0.16788777030944046
0.32843516139794515
0.555101747462956	0.21484571867818222	9.048229290808116
0.3230871949849133
0.27846590262321896
0.28757253218707823
0.18788615757557273	0.28307144116472804	7.139172248796589
0.32492045950972115	0.076707387786256	1.4668271183088137
0.2917917640225742
0.3145754359344412
0.2518596510235757
1.4010265004278981	0.3801020939291431	9.19639845603627
0.2250340907050241	0.2271408522774929	9.176904724285412
0.3220430186403084
0.46261719285211866	0.3937028162573382	2.5522883066853153
0.5116108215669936	0.174517372580652	4.209047005427998
0.24394125353533236
0.3192496860421884
0.29074805114561636
0.18219034338790951
0.27205577348941357
0.3674229447903406
0.6760169498378324	0.22653504642444	9.087863070764552
1.059637348740614	0.22900972220861024	10.038412681154767
0.672076747929558	0.23255957875622246	9.76818042472111
0.9255563261112082	0.3317515759915859	0.08898735159944846	9.43853352591586	1.1707508086750917
0.4180797455384759	0.07939805185261098	1.0589655523781416
0.6642580900555954	0.19933533737315912	7.378516029984324
0.6165681656740277	0.24262408774110292	0.1693110165529407	8.83673889095863	2.48285611039278
0.29926530757983555	0.18454422287480265	10.121929723455578
0.30523081906672006
0.18539135242574367
0.23524510839834784
0.22098049761338878
0.6421751238038063	0.20685652110611483	4.50102868965642
0.7439213379345397	0.3474269996638393	9.30145098984709
0.6702590908494145	0.29426152152954776	0.19017638100974746	9.58849691094428	1.3168589419825159
0.244104271739967
0.3339217209166164
0.22249459137481162
0.1462821589709399
0.30526938383855556
0.33620579355470515
0.2724046259785741
0.3492539677513116
0.34498317283041524
0.2938884133480703
0.40004462427513315
0.4339233337934532	0.23582874200070644	6.36226879617001
0.27433786379219394
0.40540172216033865
0.44992466524170466	0.2273866482177345	9.70106036538969
0.37494771928520565
0.3590152136873576	0.3073850133859397	8.31807536746801
0.35748520309724674
0.26713429541959177
0.23172335510364636
0.31096352834064106
0.35495568218832496	0.14171764715503482	0.7036132413705697
0.5601011310328764	0.2203332343491934	9.816818533180909
0.257546527891725
0.2952880917685588
0.35790681597985624	0.3568956987086667	2.663852147202313
0.21040568940256504
0.2955677405971622
0.19538314578738689
0.34762630019886676	0.21725512427239466	0.18808564504078037	9.9918101542083	6.714875420528613
0.46120389877510903	0.21625341812216214	8.138212578696294
0.2674998612330058
0.34348239735512315
0.42146524329114426	0.3917894684890581	0.07323635365257211	8.281318735353437	1.159559023455926
0.4160603357487206	0.04551414994357765	1.0879527991664406
0.38623012990745653	0.055796479859571646	1.2143066562452427
0.3577940167984907	0.026364685549954255	0.7537027892599143
0.3811789358806612	0.04100191343760531	1.2344458607766167
0.27063840509789494	0.0878527203437344	0.9901618926686797
0.2408050037125201
0.309761256623046
0.32812619228613704
0.3675389021367363	0.1710402895641522	0.7167093159996316
0.3479666331478583
0.7766222869118746	0.37911378358804243	5.786722191152208
0.3437153156513453
0.3515257125041031
0.3080181233513108
0.2870987054666012
0.29769665850584504
0.23974139900497418
0.17713120983754976
0.2626102034017865
0.4143722587397993	0.20752360173512607	3.088476509980137
0.2994048395933901
0.27498472641772026
0.2526670366469633
0.19937880119362533
0.22796609984200447
0.3427926261371952	0.15584649519314103	9.533055417785564
0.4031698744443689	0.26806786781000824	0.8537942067781668
0.24041135080518738
0.22433162449573404
0.20161558664862808
0.28363853560935554
0.4087091952671283
0.4251486996570772	0.26328599813071285	8.851048463718223
0.3547509565066288	0.22633457711586022	1.0205196936725034
0.6354756617847523	0.29938108934330177	9.563692262859357
0.3882254407580753	0.40530405723700696	1.3763574683090898
0.18852751464277565
0.38319135606775917
0.31819504238372837
0.21303221967108188
0.1957048685331837
0.3107784731996895
0.30430786165904367
0.2897896197715695
0.28907915559892516	0.13380811488132258	6.29888557092687
0.21344547960257565
0.16509039481084561
0.36235397939201214
0.06905273246570337	0.2936495718111775	10.182929996883722
0.32378545380791746
0.32919063668120907	0.1657022795213309	1.2964038211838842
0.21870494763836612
0.2760679920093468
0.2555560861420326
0.41244233801073615
0.43891699722410354
0.311007261612647
0.3117357339493787
0.2089423788058736
0.24750926879568896
0.25746696514645334
0.2996901381384321	0.12332467765550426	0.9319703361425831
0.2946206092703593
0.3684633783648659	0.1674178143352947	0.3195962074478936	4.8212563856210044	4.004612044579966
0.5328781111779252	0.28242839444869006	0.2965279662067071	0.314038245240759	10.000507093473999	8.431246208021086	6.265708650705195
0.2443576383431682
0.3185501705374907
0.2996579662801832
0.5936720393790367	0.3119943931219293	6.685245543868881
0.28750516611331894
0.2868926274403955
0.28066103283463556
0.29750359285751243
0.3548938290289962	0.27969974721831203	0.299524776301693	8.016434154721583	5.007533784250625
0.23721768838469237
0.19753856344354134
0.4895680909020972	0.32463570901989586	0.09321225106510579	8.400785470918256	1.8148185119093267
0.4604078273865779	0.04159448884930931	1.21670964029338
0.3233739988177999	0.06193897856345691	0.778758547990999
0.3560998239749733	0.055386302811640066	1.1013448755288713
0.32278508065960676	0.11860707609989418	1.0578966071093072
0.6155155696699973	0.26618783731940765	9.290553613960581
0.7282127218118049	0.31836377526250154	9.737471627739334
0.19073171924071267
0.7113065747773976	0.28901918284664535	0.07021905415739849	8.937857427027609	1.0352747167129175
0.3609156233277122	0.04439436766900672	1.234881916219619
0.3040527807256433	0.08585447460644792	1.014950058246399
0.44985396619594764	0.08383121428821638	1.1252978151981092
0.4317591264649572	0.07300280239441473	0.9268205602751239
0.4247913341413867
0.24937507735532918	0.28855901954964447	5.025708457170221
0.15487089913020774
0.2975562003294097
0.408665769721874	0.32681836103808554	7.110884970808478
0.3579483438369328
0.3362584099352766
0.44874830605089844
0.2119802741106758
0.1909983335838854	0.14254398850934874	1.172545467995905
0.42213676653034865
0.2633202836937826
0.23813097687236998
0.25789805758712747	0.19704201403425467	9.051841248784871
0.339148225436869
0.2867609773213698
0.247990116430729
0.24261556437439336
0.2628083110074246
0.2992179737090726	0.04158079778800694	1.169357106154324
0.23411607773373694	0.041915890809905446	1.1782427829382205
0.3840581734833431
0.9417179845856585	0.35232774820882407	0.12402508430320242	9.51851452749714	1.1365694052404254
0.36280626982387204
0.25538826479378174	0.3000899557272462	3.1195602368920805
0.4292680768585554	0.2569386002595652	2.9658176101603213
0.29369645155299295
0.36760583153883314
0.2744385339694914
0.24784338880126114
0.18882290129753487
0.34837791108826816	0.18554218183819174	2.409165017786221
0.3838436964966383
0.2281569080176388
0.3281609659974237
0.3342598432973256
0.28894347110048174
0.31196895295575716
0.7480337123615007	0.17814436230059272	8.111847855551682
0.7723973334670798	0.14611929551499783	0.2806179008282938	10.104439105975297	4.4130213076612295
0.8362824753285334	0.21440366548529	8.886886420234497
0.8647748222793136	0.15390088065098298	0.3594264147983766	0.08581728535060178	10.044841371098627	7.277098755177473	1.1154199041484305
2.086402573443776	0.30368984785478076	9.696760966694628
2.4919773702607793	0.22875191813326617	9.542698928870037
0.15044729937964657	0.3625691606619451	5.525913978615288
0.8560290644736908	0.19792822258412732	8.94271633274725
0.7168788415028877	0.17058645879967133	9.522608850764735
0.22716502002712197
0.1317402767214625	0.45122741600440913	0.13167421806175839	9.623468561749501	1.6861400311231485
0.35401902455574347	0.0720009741377355	1.0292157947457956
0.4260179538717425	0.0781535844259376	1.4298898537829068
0.3022885958680832	0.5619284985301285	0.11788636177814164	8.138238290887458	1.1307024905198242
0.29449189773735723	0.33546106940319514	7.887032300045744
0.2938438793410095
0.29599886274594656
0.3347673263641019
0.254125649680564
0.2520052228899269
0.32701325861378366
0.14500755047642916
0.19517696443337357
0.2687134727368054
0.2455299129643706
0.600373157892458	0.27959417202947606	6.294969884163678
0.4887063695338752	0.17863042930983444	1.654606893470692
0.4402975817494135	0.23504986106667364	8.228022484122416
0.40081242667342665	0.24576422584844848	9.424849242197388
0.3743268273072706
0.36514185369937735	0.16073176606298498	0.9082930727870582
0.4054820739746761
0.3262020563174911
0.3106063143456415
0.31422122325957536
0.36279347697046915
0.3072573592139769
0.43561427642521944	0.14590513817268513	1.5090052551786302
0.352672151445896
0.2785698650009799
0.3372291000695245
0.22096596796575105
0.4657090821582607	0.212889971157913	5.0250703958125715
0.25679559449132533	0.33448681423374904	5.531513978184574
0.4722548623331866	0.1616634553205215	1.22499368494621
0.3682972461998654	0.24986824428808874	1.1966653476514466
0.19208133504068306	0.17253515807546962	7.6017099620853426
0.2221118965943045
0.8174732884920628	0.25423002322989824	8.930244573160625
0.25912560129789236
0.4913462295926369
0.4181821741956799	0.21559051339927982	6.713302595680886
0.20604795306170734
0.2795159787361533
0.26067329680883683
0.161683587860894
0.34971890847827536	0.3122429231987328	9.56618053585508
0.2286521315917971
0.1706095880107937	0.0987870079682664	0.9587605788935804
0.2479346765878283	0.3719042671865425	0.2659032284623986	4.910292599022112	2.8675578752392217
0.22207774964622978
0.41758511593761105	0.1799031000325344	3.7529709189995897
0.2647962917186644
0.33492661314669536	0.28468036213823034	0.3986388810790524	9.624483602782213	4.411056518151717
0.3591335057791809
0.4656426682523093	0.20744828517742214	4.838055740344223
0.1990175063217164
0.7528470970484785	0.3494891514293846	4.686795762710257
0.24900436487758812
0.3586608377613264	0.2566579800001131	6.788441271773955
0.29195951996600883
0.376195338110049
0.26682908787056453
0.2217759421653433
0.2858894263031404
0.2907947216302511
0.24400238853964187
0.23337402649872904
0.30282251663160176
0.16358856318159548
0.38570728094449086	0.22421736545592186	2.820382155958185
0.20599485498611572	0.23090430525447034	2.6746823893015144
0.2984253337552408
0.27582111384998914
0.3010876110826835
0.26794417990117325
0.3802249168386041
0.33289801955766174
0.33401218417053197
0.32139327551347624
0.22136463906968068
0.25698337519718917
0.672896766990805	0.1432026608359924	0.2073632122501118	0.15026947752982747	9.2401016656001	7.957485637430958	1.8277489668708728
0.20382009938840337
0.3607897153551847	0.32582943313537677	7.625244327691327
0.318832328520604
0.2567172895635794
0.3731000606347953
0.1930476070750928
0.23966655743337814
0.23341326259777953
0.6863014545756659	0.2794255903853949	9.45553708319002
0.2806501717521611	0.6378817468571362	0.23356789827619898	6.904478106710489	5.840948661554197
0.33653354076082403
0.22651635215834579
0.41127595735240574	0.11128769958798936	2.4490231518691883
0.2598922913990435	0.44659704870535133	0.0370589767791082	3.3523179426301155	1.2557635411996224
0.4774733495658893	0.03787743367762888	1.3654621510043374
0.21317993518441175	0.05344593531575522	0.6913347271425292
0.3019924364253861
0.3193563750536903	0.1634024163724241	1.764002104617958
0.2695594680542215
0.2277140147150696	0.22696843812955703	8.990927270001803
0.8853637962094228	0.25482914696147463	8.065934107472021
1.10233837664199	0.21099454455350192	9.821315507297943
3.1139337690598206	0.2653526324284643	9.882354246255963
2.281615483372488	0.21365984312009284	9.965186099932595
1.762334077268621	0.30969082352402916	9.943236971838719
1.315027835706395	0.21039293106610546	9.778860705521016
0.43031267978256615	0.04877214161203621	0.5813351903475814
0.4142483681893662	0.10312423489375698	2.199676503650111
0.2529239736245198
0.19601717212120892
0.17801280888106796
0.34523621410321265
0.3193481433390582
0.30162126441898657
0.67762418838073	0.23188772282403766	10.050914081335302
0.2790219820204991	0.08272662474951417	1.2474238198718637
0.429182532471653	0.09350297951598993	1.2695575250012157
0.4548549235428238	0.6829491403394118	0.0802229322036893	2.2898392021848224	1.3306263126978957
0.38266132663508995	0.06095150600723378	1.314092162630685
0.5089279749988999	0.19877783111083344	5.971914139151463
0.21596362036839992
0.2646970673937402
1.759427356775633	0.2585564725955524	9.653988152252776
0.5195475142992463	0.168336486030172	9.828606089872464
0.17003866092990927
0.32409857038328643
0.267624322888559
0.28502039240595883
0.1681302145203118
0.20555074394995718
0.290573218044905
0.3229282743263405
0.27624914421736146
0.3230851625489949	0.24463061077441794	4.376189223914959
0.42720596437384817
0.261279762053226
0.3117267436173204
0.31553171218433745
0.35869463946132485
0.20843055480245065
0.4554862179363418	0.21864492413473388	6.7272949811274465
0.38179561268401674
0.629989038204212	0.2295464247717613	8.602122632066777
0.32961234036808584
0.2301793592390618
0.1556898308127021
0.27124205639209353
0.16819695745395793	0.11432773813960694	1.9936282344129952
0.2227552454500651
0.37172888023730766
0.29372771574205664
0.8182055375185171	0.3416355515464198	9.929181312327769
0.6892063128785865	0.2328161554879592	7.384428611501282
0.30103920465384115
0.16414801183059075	0.2276571020680575	3.5861065369229213
0.28309693263384883
0.2556692133624705
0.2770116617491219	0.1986469521936669	1.1753866474075503
0.2263924191913591
0.3482882225354275	0.06517360783196928	1.1685893200977868
0.48470871067783944	0.2354232551966956	0.6774502191615842	0.035560621083316854	8.058822088899879	3.5809671781257224	1.4494511205159302
0.3431409417734994	0.034073660722441806	1.2219758398819685
0.4552118799227329	0.022409654722470376	1.1962348852282174
0.8286034289103074	0.2860219694907172	0.03282850737718933	9.615429638168953	1.1744440984868443
0.8214517784019314	0.24642405711608767	0.029930739667494093	9.8956642758881	1.2028915242353753
0.3014712186882678	0.015235407463093771	1.142870383876971
0.2009503430096278	0.3228228728406907	0.039321866961774275	4.973330500437692	0.9762678750093827
0.29046554832911536	0.055212552027535396	1.1210901911734772
0.47844450484039663	0.022642532680707383	1.1728009394624004
0.4850263115413253	0.43329108234424385	0.019305845952412602	6.3862753790375795	1.2337759505181456
0.4531216014850076	0.7947899142216897	0.023369172035237428	2.0266155560549635	1.4202847632084787
0.3980872282756751	0.02321544537866755	0.9598288494669278
0.330739524601168	0.017685199392497592	1.166946842198488
0.3705724603814071	0.01874255392694459	1.2597536783512664
0.3028782009995567	0.011553941821049019	0.8969318498882475
0.8528558830957018	0.49324795755091055	0.017324233017595603	9.072607299093992	1.0513909506045547
0.5091527715261768	0.3387813400988002	0.017587958762659166	3.450771831612433	0.9887820315123138
0.4269095873085915	0.0360512166970762	1.088442670294087
0.3894178416435693	0.07074695954092998	0.6885887472218389
0.7865731955965366	0.22310151394455974	0.10427418637219894	8.251532977637291	0.9750468090863234
0.3305244430694902	0.10107942002431823	1.2261007091374432
0.26015993991500197	0.12106956217555709	1.2231091497171676
0.2734338323270994
0.2827269494724175	0.22866020168366652	8.063668862986429
0.2204641278765489	0.3327493662792316	2.2624897713508734
0.31511970143965823
0.5200987443136087	0.3589959569729396	5.192504741943953
0.4035890895216986
0.30629223891018037
0.3057810250481857
0.2888651401830548	0.24768688378360573	3.979260416090857
0.3106303787082735
0.3512922330943878	0.4076055109952992	9.28493049501951
0.25903918894260247
0.2155597347004903
0.1938018159032998
0.32312945070146903
0.7116209271594901	0.2704659350033267	10.06725180224082
0.306506809169713
0.3203742011043721
0.15213157447930897	0.310774233513811	4.974155432562484
0.6972619966454623	0.2532500958738933	9.771004075815657
0.2318721037998292
0.33010426421854816
0.3484687173955943	0.12436672748767105	1.804363686747239
1.4480975733493489	0.20887351140348417	10.026966781269397
1.520440681670316	0.24404490938283602	9.749177357877397
1.8693705268471095	0.3830652666032061	0.24959340460777424	9.636463404337638	3.6004378090332296
1.3366811597766737	0.2607083892029693	8.592568259986205
1.5583947611594746	0.19469064933485866	0.21361003260078848	10.045348461976012	5.417869088668503
2.0943050643046903	0.27612495960157196	9.853638265116848
1.5143222835577148	0.19298821118247	8.973467849168424
1.2288911129458633	0.134254574510557	1.3260630374912719	0.18868562351716792	8.201643028904872	5.417778329130543	4.49097555750784
0.875450447661112	0.19653195985599817	0.9110726237222855	0.19352458607855202	8.26260257238263	5.452477215374112	4.704586022728818
0.1844347862941272	0.14820700541629878	6.52594541082374
0.3631073774942743	0.22183291782620365	1.9951894879131173
0.3637363273128978
0.7230852281718009	0.34872590661229186	0.08545697695656075	7.519570306097571	1.2478335917119725
0.3952015818201347	0.04634234629706747	0.9854575052623046
0.42206027237399407	0.026777102415554675	1.248545381531952
0.44394968383184663	0.02040532551746641	1.2679756388278112
0.7115328211493304	0.32105375466710706	0.02140857093706736	9.752671877166694	1.1293096180373459
1.0544402881826191	0.3578811926230641	0.03918333929518833	9.718627573024472	1.4199194773453296
0.8866177577619017	0.17554205373471995	0.02910892614348637	9.31815810752264	0.7945586553391448
0.4167177256832657	0.029075506410680678	1.3368923736679594
0.4360608556302222	0.02109935936065226	1.1554949000623909
0.42060803112751904	0.012831270193636638	1.3075848889845636
0.3180846471173105	0.011623096706517276	1.2182099447824357
0.29078855927240327	0.013882364955537444	1.0301406733406862
0.8762041302874357	0.2564193845287662	0.008437606522037552	9.233650953174166	0.7747332202866833
0.2970619752458824	0.01065856761105986	0.8332684513152139
0.32395278653314225	0.01979378983434016	1.1121196747355366
0.3058594289517152	0.3772929037895472	0.020612114920987006	4.227300044561733	1.2938022927241177
0.5047159571199686	0.05690895860204887	1.3217050728670425
0.30016375729590633	0.0862047560027783	1.3699917354731697
0.2457789574101799	0.3337812648852884	0.039339790960116826	4.503518768512921	1.1607619883281413
0.2349216143964268	0.020196063238459294	0.9621820091177297
0.10425958526332889	0.28411204703983917	0.020840502984707212	5.828226194354944	1.18840276183868
0.3218665734716011	0.016252628544340716	1.1778286822696993
0.29559123066991405	0.011931188533937844	0.8601884234612955
0.3180427596781266	0.014856853503191535	1.0229099195593654
0.377393128448137	0.018445473674454406	1.2747653781495922
1.19256003093722	0.30127247574450006	0.345503595385961	0.022110360972479606	9.979958453232967	9.458694717244477	1.0092753867657573
0.3061167805028207	0.022754698125653817	1.1660475772267707
0.272624647316474	0.021641669956684886	1.2675900647065088
0.15839508086838677	0.2763201502368436	6.361719996963087
0.2515167219153917
0.44656407336178666	0.170549117792808	8.294330228256829
0.48518016808698733	0.10146981956190866	0.9855477182183191
0.38074109351664054	0.49167168237347303	0.05695370037309179	6.255889806389238	1.1626363833324103
0.42830671284825006	0.05328539475399573	1.344395612891896
0.3214447877538085	0.06941345113079027	1.1841325483980962
0.277724512107666
0.30537689830858455
0.28575752333017757
0.2822915071677485
0.20228184436703395
0.37960003162879996	0.08315052370076267	0.6110631835698215
0.2234637489885801	0.22357093931988087	8.296677818628995
0.25215682185881266
0.3037180854082603
0.23443343962750274
0.29015164426809376
0.3076992602823341
0.15807332396832854
0.1563077291463288
0.2457139094069115
0.214451230905021
0.24150513684221164
0.5052716921144452	0.783486946852709	0.19987363187210921	7.339316899030726	2.2345118421834655
0.3404124473513055
0.25641800885989585
0.2681227362199744
0.24253396370774197
0.3237947410094867
0.3038220930658655
0.22843243654135115
0.36833289991899315
0.25469617975265346
0.3260302840188007
0.3301016871254006
0.2626516078201626
0.35331647221913687	0.6143557175856303	0.314469748297866	3.642275904637462	3.0609475546950304
0.3861001163289168	0.29334648758531734	3.7104502421370897
0.34011954949341644
0.2269055656229629
0.3565822858177756
0.4309228182295213	0.28893995207184653	8.167044064170499
0.277211019920637
0.37728398819218645
0.36011916845581193
0.3224492897927193
0.1876140446917342
0.22526087871602468
0.27979650208158063
0.3591666092882155
0.25220695057302234
0.18250351825401862
1.1562114220844204	0.202584961526396	9.784064156385552
0.36284455957078665
0.45849882938600367	0.24587213413615647	8.985932655980967
0.3018347150014288
0.24610631935575208
0.30336854479187664	0.26762982676721314	7.5359908617835085
0.4503825411532133	0.07776560627148024	1.666520440422349
0.48099352999174655	0.056935679695730004	0.9578832917699702
0.2663830835669588
0.38455284094763115	0.33575033867937565	1.3564985485754786
0.46383970324504176
0.2074565348771749
0.3108632052747747
0.24990167617880907
1.1990474585791275	0.1851154474335939	9.392232883715662
0.33310000325787353
0.17797530210634127
0.17296645907249647
0.2822970157472129
0.3621625487732626	1.114886854665639	0.23453264517864197	5.937031123761566	4.702396310809809
0.27674408266005235
0.213398039831941
0.2597794464030275	0.4688877501015571	3.278199851443696
0.317244924867975
0.2322229059942113
0.28997421694465453	0.2908552204806632	0.28711918214439053	7.573397337535489	2.4985483811741003
0.41005451531688764
0.6247316951680519	0.2556718058526199	7.010247122797282
0.19307991051291748
0.37613710454877164	0.1955735591079062	1.3236341993891827
0.25777203429919593	0.32743844116989007	4.65032105459272
0.23860027382092044
0.47431004682969236	0.1278482474931408	2.5528667456616
0.2708441401262504	0.3169858860936732	5.514621518382534
0.9472904731401207	0.3163077179815543	9.595040944603745
0.2517644339396748
0.31104870199101414
0.21874851493718409
0.14003240139796483
0.2952626280495444
0.20143899219615657
0.2813632335907657
0.45413572765977045	0.07836192544256615	0.6379852521058683
0.3804422487937739	0.06550301928026715	1.3610167195418685
0.46345119932060796	0.04450397556763315	0.8646995915338883
0.5203333119241567	0.04186124972469178	1.762513466728305
0.6849775938363158	0.04098671068839201	1.3102147985925094
0.3387656728921213	0.12308941932290482	1.5003371462931154
0.34522959695973215	0.05811473938066687	1.817831219384409
0.4101912152486166	0.0545395123458591	1.2790148338310439
0.5024141350112628	0.05551315692313959	1.1922733140612651
0.44029842296812677	0.0507298196851008	1.1325339156509542
0.9253159149156539	0.2864344108125973	0.10535210527968264	7.933980345903094	1.3369715434436842
0.3217483313084736	0.29358439584202844	4.748856557623922
0.30716487599393033
0.4630906805787535	0.29201758439517644	4.87192495280175
0.6029413612487431	0.2095703022884912	2.6723006840817316
0.4025063110179245	0.20239322999326495	2.3736882957914203
0.23497824491743471
0.3062330562110329
0.2881507063457629	0.2719758340763739	0.08272964648555528	4.635915991357398	0.8965181200072803
0.19032447047992318
0.25232910637945316
0.390769811807505
0.26274342128131745
0.4022034871626892	0.14671337633668002	0.9986465732744471
0.1292479454051031
0.1871990325540202
0.2780785455988217
0.28304674667626356
0.26688338989291166
0.2532910994232165
0.3082329777547869
0.2875571376089043	0.34359212759566604	6.624424974168125
0.16680715338970942
0.2369522712070384
0.3031013587424367	0.33812463245946134	4.068737577147188
0.27018608093066687
0.36796529291554847	0.15509404996164158	1.9456034310373376
0.4097923746156609	0.20322445623060842	2.0468458468853594
0.23068845647927383
0.4006129620499872	0.19403655326076755	1.5597808010110157
0.2928575217017587
0.31789399452746786
0.3704621355972567
0.38647167893223805
0.32470843941095656
0.15520728414373436	0.17755592943556206	4.4971743198247065
0.3652991264459624
0.23476364881232695
0.3414147536655534
2.2859139138463687	0.35147753210749144	9.732149312613096
0.26842721014593823
0.40339370177484873
0.2546957216873999
0.2837811026833291
0.31661200317006916	0.22732828326877508	1.2079158156121823
0.4118202001111914
0.302037037225836	0.144286106012815	0.9990565123047686
0.6790901098934368	0.31736053180803464	8.884472840960262
0.22559587930649957
0.24466317299033286
0.35219607340512116	0.19108876827197555	1.4688431496402272
0.34005064122527245
0.9003502625859415	0.2923323550679622	9.581536239723395
0.4927430052670064	0.3022843024380646	5.547969479281306
0.1681011381827613
0.219495060191327
0.9863357714328034	0.21954257486414064	9.228509024833835
0.25702404507943394
0.42551630426980563
0.37273153045233365	0.2012760880952456	0.8867846379367919
0.21171482689083052
0.18557460462765954
0.17174889167487287
0.22656848642931007
0.5362011989642758	0.14083658345877184	1.0746941392951919
0.31549803715018176
0.3997222294747413
0.5457870713915126	0.235442357588753	9.333873860062871
0.38148512948902613
0.1980083207651639
0.18831320171690175
0.3655604659738087	0.23106568710555214	1.8308078429297883
0.4685362325477136	0.1833538041554312	2.5418519161429236
1.1304885618756035	0.44895498240376397	8.607204637295945
0.2483570741329625
0.256533966152341	0.2930546943790434	1.705686453867074
0.27067643232078825	0.3890817044418317	4.640320423652261
0.3028309777166208
1.130057895390885	0.14091083442874716	0.48562227331763363	8.37603645629233	3.9455423135110856
0.22442395039477553
0.21142878984934244
0.7465901167554805	0.25723813470413803	10.053383095377034
0.27674525714468867
0.28282941381584326
0.2512272150758595
0.21803673982692046
1.229403734924215	0.5004282464613868	0.12295112903438932	8.4589298829939	2.748352555146836
1.2871941776378608	0.2783605144159482	9.259041481705138
0.30606427733615665
0.8195394564530412	0.25705061058875517	9.947065156520138
0.273056920856766
0.19446142473911143
0.2338865893568258
0.24538817272195385
0.304298681223407
0.25183867560550843
1.3916601202499312	0.29197945991454444	8.94933123239806
0.3043755839356726
0.294215985561257
0.29679472951644315
0.27577406114509107
0.24350844099482513
0.29443285536972613
0.2616285660185497
0.39149244458465426
0.4009600744996909
0.3047096081040487
0.3116700482164485
0.3032392625703422
0.25404103164426445
0.3753844017646739
1.4559267202757016	0.13403210354275852	0.2002457939152243	10.026757451591632	3.9502811737646573
1.3484258644157363	0.10099230706982164	9.952664020938794
0.8436722627804056	0.18756758801568882	9.87981618591709
0.350462813155659	0.1698549972573279	0.8403357774269651
0.573992448181758	0.3227520754118132	8.992436054139448
0.33308374911475336	0.15717083735952217	1.6050604640085684
0.3026138471653486
0.5226776046659664	0.21991500587211177	4.784483015246647
0.3233727648117976
0.44339055018685136
0.3742968132573978
0.33871563201249777
1.0920874365281796	0.3332039979952341	8.410616668735369
0.2847737658936257
0.2827918524271905
0.3246908330121189
0.2634672003298041
0.3633960529536192
0.4094997444145848	0.0818340907333374	1.7084423305611183
0.2899510032406242	0.06550436615179452	1.4351984353984961
0.5263631572788833	0.4871320876760581	0.07389658737886474	3.0487001190022447	1.1066494411960084
0.5885137315700635	0.12371666706331257	1.5154841551453169
0.4347565738370917
0.3701857070828104	0.40772172616605545	0.30799041637794783	5.700395354609776	2.8753879341872564
0.3971334517593877
0.38707687167980576
1.0111242039323305	0.4621888013583779	9.712060541285117
0.15664651663382434
0.24747298037165621
0.296592515783138
0.5975983043479965	0.25885078931384503	0.22896021883661627	8.421726904135875	0.8084367582896753
0.43708164290279855	0.20195702122746578	4.61546863709987
0.27415209173499666
0.29290066541971904	0.15195759015175392	1.064429659295272
0.24637490475110183
0.36979265378318454
0.27032852591792256
0.595570727370714	0.22309885485141265	0.3163948857529583	7.965038708984675	3.823129488840582
0.5737903554082858	0.23127224040860608	6.293406253692902
0.2833552564913677
0.4884060360827062	0.11664838853229507	9.658037732324129
0.23456387175543725
0.25797251222680895
0.25553227456630173	0.23401544014821998	3.6067498362676007
0.2561478833357422
0.2234973486065684
0.39158218731225997	0.4958801820713445	0.3710091444738976	3.610039244140562	3.0963563004744
0.29732552351191427
0.29110236576294646
0.3724721434335075
0.23442122880289878
0.23633947969641708
0.27967586474922423
1.2275874889028078	0.26582366703757204	9.856207655175393
0.8171257164914374	0.221562915308834	8.108796830382802
0.3526309096979397
0.2489989889703286
0.25078606146376886
0.2638810046096124	0.11865389188962092	0.5889180933077854
0.5196286206842897	0.19347629945662928	9.780279294399651
0.27675632317424254	0.27075848990488793	5.1839491295516655
0.3547811824569323	0.1876510883322114	1.630910362517809
0.4107480810460142
0.2383434378242834
0.32314763850805633	0.1447621962242303	1.6200682714116912
0.2600404375522164
0.24518269865977957
0.22199456983230945
0.29294558851144964	0.1330540860608888	1.3409355140151646
0.277685757010524	0.1257104366264153	1.747274370946959
