0.1189880971334146
0.07216260234059231	0.21488334268963805	3.8773997148636092
0.16103400183315691	0.40115489454798386	3.676993340675063
0.19858294914191535
0.12861919559859963
0.11794718631683698	0.1982982330465057	2.262894697113074
0.17510295106474422
0.12693909064899733	0.20246670955696175	9.090244881536897
0.20024810302689436
0.11420755763730478
0.0834832745221961
0.11987532935964675
0.0854204024292419	0.24487841482183392	3.442439671455536
0.08809796930181732
0.041935617342975226	0.4536793362746303	1.7334368565521885
0.04809699289299506	0.28172097981854544	1.6098716790264114
0.07847223843486213	0.15002509831869898	0.6181779890639343
0.10550906513019778
0.11210125183861133
0.1654713609396818
0.24489140971671072
0.24349349199193343
0.14179478175119453
0.13628856645176993
0.08924523136560378	0.5091269068814177	0.6751011243354952
0.05764121112437249	0.9111300045112105	0.555089112365105
0.06232231767434643	1.1971320707240294	0.5134783874232324
0.058566682895526856	0.7356180510637663	0.5548324641814311
0.06742743237033735	0.7955125071955337	0.5746037778728413
0.037138444593533625	1.2162631427278607	0.5674408486466462
0.04426709177227124	1.3932635042926478	0.5025539630972137
0.05486262585461826	0.9977886494529711	0.6156663031961322
0.10351190859363273	1.1656664286616478	0.6182698269378272
0.07249594618666395	0.7781207070905649	0.5479739589158373
0.11300276588749379	0.6968105435361946	0.6561096612905457
0.08299595607222846	0.7481716754014327	0.5285100175631355
0.24423992539029846
0.2731757492623807
0.1563055345935148
0.14134714807731089	0.07905799646558292	9.293513380461166
0.036012619515061
0.09708483287709847
0.12842651345416478
0.15033637570869235
0.2569836867766031
0.12116487458409568
0.24110590746839553
0.1511695027220308	0.2618415707534374	7.102108062457676
0.0996222813988062
0.20526535581701988
0.19115608571704673
0.1625769624562139	0.2151169087174629	8.093326340236185
0.1935264131771419
0.09752713725420471
0.18661617565789496
0.08793229245657784	0.27334052521228014	1.2697248439522664
0.08246700885101142
0.08972669255801446	0.7895050130698049	0.5708746930282398
0.16277382121079575	0.7134830871516245	0.5206666021394292
0.24149582232021669	0.060339538487532866	0.6535507400571351	6.12477270015283	0.510292231969623
0.06411271285748453	0.7758169710933723	0.5546878402057512
0.06731094399111485	0.29841912828651895	2.0586004388968586
0.07629011902730944	0.2831364485887799	0.6744007791158165
0.0508872780942282	0.5376984358149062	0.538998766753098
0.03768875409879675	0.7088730302556779	1.5789406864237332
0.06230133146200967	0.38522356087841597	0.6144153216796457
0.1369687259856215
0.3186594733996426
0.08618445329914771	0.2321418711858594	1.6050720693462623
0.20148630752370775
0.13922421367113147
0.1627020934952519	0.6118696104746921	0.6462394432917811
0.08875079211277767	0.36381864997050645	0.5671001839538643
0.07030823433393317	0.6207745277234761	0.9800958133145566
0.08299850232460314	0.8978612654670699	0.5394926107505889
0.0798674783476953	0.6276567726481996	0.7820158904170251
0.08659084229546979	1.271595450591365	0.6744223210829557
0.0751876431600658	0.1793930386091245	0.9020781622620597	4.6663373481669215	0.6178149618061648
0.11777091288157017	1.0147625726949878	0.5556067917700203
0.07482468631048521	0.8491982831880799	0.642422898722491
0.11935962277399256	0.4234052015149395	1.928284082455406
0.08611291724501546	0.413742262572165	1.883367722624474
0.14772259168824262	0.6296213339984402	0.5578071221407253
0.08002640598747902	0.1594738034312751	3.133612923325801
0.04752975249517823	0.3797203404436686	1.2585833037552132
0.02802944122421668	0.3532155168592648	1.8910655659787317
0.0319094093138731	0.30630214129175687	1.7999815348557258
0.031416707665907345	0.2983271193102804	1.8030923886350863
0.04084655457459766	0.37726621122770604	2.022179379083558
0.05488540459264481	0.29355560472937364	1.8168763297825508
0.08711529034776935	0.2888615436220742	2.0843780214251177
0.12331366737579152	0.31515273568394964	2.1933896769874894
0.14580397954304344	0.1670681903601251	2.088177084835566
0.06265975507480548
0.14666654841007007
0.1163592835173184
0.2009840809728711
0.18074392399051692
0.30728236982822543
0.16859961388417172	0.38167978100778954	1.1163806755594283
0.06358258934466042	0.7736110618586943	1.2760222247940267
0.06908821448254648	0.7585408460311461	0.5489580428538412
0.1589675474371293	0.8287253780206909	0.505826377773914
0.039730241516134863	0.6075762041801727	1.5708746204962685
0.018361057551896213	0.25917242947522745	2.3123607739555547
0.009380480642458468	0.2900513810570636	1.6740196370229112
0.009187565184288756	0.22409441596559226	1.9314333651364386
0.02640157315397223	0.1748794741746918	4.450219771748728
0.03417347695642077	0.2660848067499781	1.1600456640128618
0.020484379879562063	0.3418090474775467	1.9643161320091727
0.01940360445093881	0.38011865855819726	2.967150728762212
0.020749145408135383	0.32947629514125343	2.625952268554932
0.023722046050090047	0.1774486047001202	4.971589788568591
0.025240056334399595	0.16045990740068294	3.2856760850666547
0.015101322632964494	0.2385479136433928	3.279565469077105
0.012510857686872422	0.21287445489787513	3.1854331135676195
0.028057407978633805	0.2399602235391208	1.7813896972244576
0.026349074037489695	0.3107667038806275	1.9131774034532487
0.008978468834848603	0.23743005238905754	2.1768796876578813
0.014189298236687568	0.1846905022230373	0.2977012876514353	3.203170534447259	0.8067585730623485
0.010282894290589827	0.3404170335957398	1.7282267984972983
0.0088816377442972	0.20382572798899848	2.065958143924266
0.01482480811754828	0.2570753164327	4.658418196614308
0.011004679907236881	0.12452245787666175	0.23146766570643368	3.334436712875558	2.0329296757949593
0.010312877469672374	0.11594996749529987	4.879588821062633
0.011316062238868751	0.21469834082917955	4.852524747060634
0.005443236772585509	0.22690977447231145	2.142816790204924
0.0145160874620787	0.13666643456177036	6.137563276810572
0.013374123118894176	0.2346143941581996	5.968888733329992
0.010486838466309625	0.3027800088593429	1.3423577296807372
0.008735724094994981	0.42061849027015275	1.856896037760186
0.008415631388075035	0.49877173128924834	1.9969785759487733
0.019966573736365095	0.24342840915145433	1.3982834751522222
0.026039580951925254	0.3528150129938392	1.763540480422881
0.013953331946064892	0.16654093671793896	0.5993474468460342	2.1908117597020644	0.5009649412864887
0.015411465503256552	0.2915228464378002	2.592818315032697
0.012559514067677977	0.4133679783340846	1.926733195412558
0.019778817060957538	0.504917588192183	1.4892658733912976
0.03392975717457147	0.7872625618813266	0.5456677746490837
0.034656251657258164	0.3940325971462765	0.7805494684322986
0.07111332050704136	0.8297498751353285	0.714522256126371
0.09508989107512696	0.7578721972331174	0.6989030874954887
0.10968036010318531	0.3559726976143313	0.8919609225303358
0.16044908435037905	0.5822049201848278	0.5448567926081436
0.18247301340103012
0.3092778015192607
0.12417885778414238
0.14496496827735592	0.5126208937486254	0.5527217881025556
0.047493111890601326	0.6514626772420684	2.225862337475658
0.01772447298301	0.324889947295066	3.191163500056208
0.015284785333314075	0.20688802274299647	2.108478810171679
0.024534975642546017	0.1872295917111133	2.6665627483179284
0.039842676619293194	0.3995627581956195	0.5996497831167835
0.07714041021057746	0.34188073984247624	2.0107993123573142
0.06537112263603467	0.27253095885969075	2.4029631412740744
0.10134307408447606	0.3009244319687874	1.942549847653778
0.07449075146890177	0.17054819553692654	3.4170698307931144
0.19492609337498273
0.07643665678457852
0.04388451868109313	0.19838486085424822	4.856684008976188
0.027858585568042816	0.2756839333427204	2.331430811960658
0.027785344092927516	0.2133678543452138	2.2755003085792382
0.050877599392170604	0.01677348039372428	0.5282303899735625	1.204054813284877	0.6414358477950569
0.030376647201944197	0.6538193309464939	0.6688927560731666
0.08256674247182659	0.8927136495139123	1.8102830371947176
0.09467894275058923	0.35983391970642986	1.437940951794516
0.030187112395079582	0.42132975985424626	2.119990913344673
0.030665930852513096	0.4775847768287817	0.7947941405484
0.04524361553085172	0.9545799078802056	0.52173343416943
0.06959919519121947	1.1422211679480183	0.5456521103330217
0.04440869047352713	1.310681047286754	0.512467456810999
0.05159900009728855	0.8703651544345532	0.5820082677020252
0.08183660067624743	1.0588062175122357	0.5519474694822178
0.04185804029420414	0.695197734524238	0.6216095423432134
0.0508647953594273	0.9479684268684062	0.6444899814435329
0.07112944427328236	0.9141168467753155	0.5535696982957998
0.06004397232570768	0.4307089213487343	2.984314173214939
0.06030043836554196	0.3812422895446285	1.9897015864968668
0.07994921327200787	0.5330482431690676	0.7462948764856469
0.14125258534313406	0.5175002950345841	1.0219322115978247
0.11825373955582733	0.1626328200898951	1.075805316170434
0.05998547888139725	0.26218524874159505	1.633152901462853
0.07509846173578298	0.28775948642243177	1.0286156589492874
0.08776139085745045	0.42221049671945154	0.9361394234541711
0.028224200837851578	0.3883155917435856	2.464932904519983
0.01738424502971964	0.21944413413988292	2.4725214096622743
0.023477783826651458	0.14259868658314212	0.5062303420317352	1.8415408215487048	0.752058813326798
0.022942455936541532	0.4616450051211651	1.552741579502717
0.03411390635761918	0.5727824005156796	1.4570403614438785
0.025480961358127326	0.44687899038615037	0.9783737306192948
0.015397653576788904	0.4411666821522778	1.901475028255578
0.0140760595966915	0.4669143499102329	3.058728709182529
0.020297343481837305	0.21989475433456482	3.3106841948158006
0.021565957429599703	0.2402534806259239	2.0749846188507726
0.01444504063568985	0.2861560074277629	2.3881207073229085
0.034588120336056495	0.17379103929881504	2.2115952155069483
0.019879520707754117	0.15191099540758163	3.6617459512025654
0.02014742040821752	0.17409201873392974	2.440148874714084
0.02586746234314742	0.29325023378193243	1.9111402196064766
0.017227876389211322	0.1178809430575514	3.2055356804767277
0.021988491244292616	0.1650457053613754	4.464004176109269
0.1402187293189305
0.058276398071174865	0.11469650034970454	9.350967556652783
0.15741376837175908
0.17122133865595682
0.07725951118909728	0.33273251933827663	2.0670476597334395
0.0632151271510525	0.26924827500106274	1.4317172853852032
0.044002105157605054	0.29585312671137964	4.140861790127835
0.02703316066787983	0.1876243201828435	2.063920714947822
0.03376056170301098	0.29524166466615126	3.484622617696308
0.06468851495244442	0.05003163684115389	0.29958290193345116	7.535373907667359	1.571901785237456
0.08660169787556735	0.2371001009777393	5.593654620845898
0.13712556974797277
0.09488515896101517
0.21939940634994026
0.080741316345448
0.0467529820201982	0.5501966146947058	1.4314605252200137
0.0190077195743957	0.22099546018978028	2.0230992792320137
0.011442191816812759	0.244190857669233	1.8872832355431006
0.013793099028566666	0.16668149496559823	3.8895417922201903
0.05874508355405817	0.23722631632102545	1.9635680836002511
0.046980346675441244	0.48307549403068034	1.2346024567398115
0.05738634316567015	0.4091409671554502	2.262849174965816
0.03899162053175455	0.27793582221143	4.709812284049949
0.048097330722941194	0.30493878696260807	1.41939445713966
0.031201519493684975	0.3796465956180952	2.2422040339542364
0.047469124491512395	0.32682680272688114	2.888433640719869
0.0831848093580274	0.503180397159839	1.4471328121428064
0.10617266357733883	0.4140476401322386	0.5136529077021215
0.10649223905850315	0.6134449658632589	0.56754367807262
0.07882973219153777	0.6487510620812749	0.570800744424902
0.32395802651110134	0.09113127798257191	0.33164417047720846	6.800288343267061	1.808114698059323
0.04469931172399519	0.3992052286864514	1.546169695977602
0.20379879281403634
0.15918027829856676
0.03845872866259485	0.1384953927212691	7.128996527992645
0.060153667480414966	0.35980153269334353	2.513590334758353
0.09436560620623538	0.4522519087907684	0.9544004354874602
0.08310855829572592	0.5917273910810187	0.6070351213541882
0.039590999081959934	0.1473902695599842	0.4963070530195778	4.449167793936069	0.524316995839067
0.07140783029664186	0.32250336433052695	0.8518996084465867
0.10805034166191514	0.610117455028757	0.575981737464483
0.13777289662766898	0.964644485406253	0.6905003942437967
0.17474518273874204	0.5138166924735769	0.5919029685248172
0.12938414212174482	0.544127838959139	0.6928533749040692
0.07511808674415882	0.4992493057459652	0.5599991236248743
0.030253245569342096	0.2813437118168649	2.0597975586289516
0.06411984178880949	0.25819973564811655	0.6114567483640385	3.3084060013291348	0.7287634235738262
0.04898517058523385	0.237511545698515	3.277898846600163
0.0315942002523838	0.1774322634788091	1.8959972427026233
0.11269770190468659
0.12006827063269196
0.08165250761031836
0.09340958462935851	0.24552621810802197	1.3480667884153812
0.26676925796098694
0.08861430610028125
0.12139926788123626
0.0893044749141029
0.09658297993598733
0.08607509599294108
0.08683529107538906
0.0884095759885587	0.332401408328119	1.896334635375724
0.12580760229623614	0.2062958015956305	4.557887808438283
0.10964776005357164
0.1732185559383014
0.17710016036187767
0.11026604623924237
0.12365393373282282
0.23389115051703674
0.11476302315687056	0.2166066488881144	2.483066624503516
0.18455834077260552
0.14077923716831062	0.85939127531215	0.5742757288938066
0.10254400435714434	0.9737259647997599	0.5489270251126636
0.09898595396853821	0.10881304869162559	0.8726554470722084	3.7101955930974446	0.5620805299285253
0.08058536573450342	1.108184898238371	0.6155863598855701
0.041293283270164384	0.9798820642449215	0.5262902824305447
0.03495006565578228	0.9011180658742309	0.5301617339262991
0.038614089583061256	1.0361999154196282	0.6063284771843
0.049539480595672376	0.5578030111090813	0.564158071916806
0.0681170009577476	0.8552322286400716	0.543329787056195
0.05056035431486962	0.5366717221276547	1.5249768533333743
0.052911297462588484	0.734211547792294	0.5735570761761198
0.03593939158268246	0.8949002983477614	0.5434999477710306
0.08125160956526838	0.734525425206115	0.5621901657421319
0.19677106494361155	0.6435436884602077	0.5584170948609221
0.06589602238585768	0.8919900418730319	0.5307049612319876
0.0974315208817869	0.02457722400113157	0.12967698444295234	0.6030510819336051	8.422081556422485	3.832839259739388	0.6467660295591259
0.03054918033964222	0.2955108887059264	2.9947016595780545
0.03723682039804523	0.43839281624643744	2.1650680609838004
0.03982147404243498	0.49213733814443356	0.6008453758387512
0.034613596665492435	0.6227424338686541	1.3465940475468507
0.03484350367655408	0.3971797419045418	2.0606781647468106
0.04091320139130117	0.5187658531753269	1.808569323847883
0.054770526371290824	0.3518456659499479	1.5557988231655613
0.06454689454978232	0.1728562750839293	3.213690994067571
0.12076079756261913
0.10937634717639935
0.22503603673186806
0.14831853154033509
0.11431562613910012
0.08089656739423016
0.13729670837940247
0.181518382685996
0.09999497091352774	0.23407246621920613	1.3615114381066549
0.08450181636116975	0.3834005356442825	0.5867331046427932
0.12411648951498125	0.8635077937561212	0.5588165137436387
0.1650530642195748	0.5620102689869308	0.501242698434832
0.08782560363360843	0.7693353079832805	0.5070567360828174
0.08362916483146512	1.0098639062569443	0.5532302295930628
0.0741883022241506	0.2279180078501487	0.5250137073427134	2.4743485599299815	0.6208907938130175
0.13661207354514046	0.40178531044525484	0.8778013995530802
0.19451590904616317
0.15772165918762385	0.1693519477355932	2.8515907914053242
0.05015992436491003	0.21525142683995768	3.1435936644381774
0.06919145606896161	0.4299438045693901	0.7091634783737731
0.052753254864044086	0.6403334044031356	0.8141223142127827
0.03472260450731482	0.23670042436561556	1.5278628367932314
0.03131064555315352	0.26315025775735046	4.214358269462267
0.02682066024922737	0.26763646340215386	1.9238962341826384
0.021819019187064106	0.3948206072367491	1.9045060197321924
0.031440799190826936	0.3677880608054301	1.7608800313402786
0.0595575830382997	0.17915506046780344	1.7340779464525058
0.17162253763502555
0.1893595799543855
0.18071804809475225
0.08787473529246995	0.18838528597988058	1.7949199962522575
0.11137766202765521	0.1817374099325039	2.443899852524633
0.08869015043883856
0.08855588397559025
0.16695032438229482
0.05886096464418396	0.20777846908202266	5.85296981779931
0.11174349931201738	0.25670331012635156	2.0104560759806525
0.0676131072790806	0.3859548798267707	2.326429176821251
0.08014397807802598	0.41362675213520095	0.6987200009345013
0.14569101596551676
0.15270205094469363
0.18709965033240028	0.11240649390881927	8.477843241581835
0.07799823447416215
0.28689863309564234	0.1123466355520578	9.722289975453533
0.1122956951267253
0.08270448052448592
0.058556484720719774	0.13930581453122828	3.7099570380831
0.16726330451568824
0.1552639686289385
0.1375746396855545
0.31052916777015277
0.13563646570004992
0.17051885490979754
0.08556935595718955	0.12221886901446345	0.5600786855338257	8.801058100976093	0.5262989963247869
0.17448330237176948	0.7917387914589428	0.7106452681166784
0.10575878653430366	0.4207816751943295	0.5257996585326542
0.0458861493524213	0.3302065564669944	0.7091566856636842
0.1125460450064273	0.05183391425306868	0.4280951047746643	8.834194896599707	0.9069614547979422
0.03539907422912857	0.6389730579833656	0.7226342514798824
0.05654241599790192	1.4270192113937523	0.5139024253687224
0.042156368096198375	0.4750558768899024	0.5322473737941814
0.08924244788451889	0.48329403316936587	0.6914625403052872
0.03894760401388667	0.172477690708556	6.724033254370036
0.12019509540669282
0.08141455991326993
0.049437464982365766
0.1428000350969281
0.17199530859003279
0.13645696721694003
0.1582988814211272
0.12892937517663
0.046801243001218504	0.39027130860574105	1.9363214953360703
0.03908323707234239	0.0784890149836683	0.23705805456742848	8.343823019434693	2.9994574988239746
0.03675539538654189	0.1955369245717693	1.9615064130856406
0.047711027129847594	0.17675993716087793	0.48773185293276516	3.532988051525883	1.7943408552251379
0.049645957206940636	0.24796273530086216	0.7293187776101754	1.9135802849101293	0.6823095512310019
0.08031937275259554	0.603086202380935	1.8269798954104175
0.16118912616014103	0.6540761380693364	0.9227896054962595
0.12957571021906023
0.1555175344834739
0.11774449568239242	0.2917727520752421	1.4592960951527787
0.12707992357945994
0.17147594725550283
0.11127741883396858
0.10951321780603072
0.12168200034282983
0.2513889481512932
0.13938824761038074
0.23699912798373962
0.13627058957742275	0.20244356299812824	9.202162151889734
0.13404716096152927
0.11920218023588279
0.10811484629909461	0.2526656089575603	3.365924935810063
0.11341803583572078	0.30291040207219966	0.8288589834722893
0.11825394365508503
0.13186230996881504
0.1623920100392539
0.27690971863057845
0.10243515245791548	0.12299362249526596	0.32860345536706437	10.008883487756744	0.9484308547316755
0.13123219186056834
0.04347416783080869	0.2521916524267058	1.3881130233977157
0.15242934198572547	0.18443509132665634	6.587515174955943
0.08866604327168587	0.2600002731285592	1.9144515295244684
0.16203974474413127
0.22132455494518932
0.3224186552273105	0.16304766135725526	8.840280219636785
0.08443690211492007
0.13653876837398984
0.12148740716436456	1.1055913668473214	0.5750097434310744
0.12947402868827798	1.0892826855574895	0.522640310837753
0.07702932473022889	0.8481255705755033	0.5691690056015447
0.051491897068446826	0.3162943140968734	0.6991117276010083
0.15173702783212795
0.16609553193218068
0.2650600043687588	0.1357237985253327	6.859637964930204
0.24841171571485893	0.15269722084780296	8.43197388205488
0.1233178010192663
0.40988124684365085	0.22173554994299582	8.462435341529122
0.12235798057651581
0.18354548547443728
0.2376603901754192
0.1167268566252326
0.067396528421298	0.44629199016378973	1.9013227209904535
0.06482839881259264	0.2960267538005566	2.3234763754021115
0.12616299423544142	0.43852642003878994	0.9430197101522904
0.10033357897970598	0.38987925167375614	1.90700767820677
0.124156982363794	0.3472560614377712	0.815386531348396
0.06547198413134082	0.35675003535298033	1.4364745322586043
0.07576677340045981	0.028756298686847495	0.4184404303732631	5.278114200311509	1.3666262231855004
0.05374777437004799	0.4780458432231503	0.5148478668167826
0.02718776697111151	0.32335647550882957	2.487951357638621
0.05767676027839904	0.05038546624998193	0.2141469843743208	9.543230393622496	2.9361080122658367
0.04464353278618593	0.3594099106955271	0.908915165244569
0.08011363501683064	0.3578155305081879	1.9977778437159475
0.05556163984079451	0.41192198725826557	0.560043431426541
0.0843569377300598	0.3122509803992665	0.5771999559137808
0.11165163234079321	0.802312748070788	0.5530428405857086
0.05920369810462954	0.5726010480114713	0.5311912149415416
0.03338425695548357	0.10198688729622517	0.3422362792560339	5.582274389101833	0.6036170380173985
0.03252240729328986	0.7052270223181598	0.7271758574481874
0.05196718348268798	0.28783388275747157	1.7479084678272607
0.060573431757930174	0.47996146250178007	1.4638756562290745
0.050236290157466786	0.3545748738793969	1.3811860093702304
0.19321204596294256
0.1922620305754703
0.13040211044780328
0.15320449126273317
0.14662267831432543
0.258898451202857
0.09307196451359384
0.14591528043840685
0.09029671421439552
0.16148805197262478
0.12050391591840477
0.10778466207749637
0.08208847378552143	0.2152673650455843	1.9172165809143953
0.1161536881373378	0.2533706740278486	0.3930339736007325	2.5298483717893303	0.9167289383273802
0.0627313361961422	0.4701306141941379	1.677355524304695
0.02287460901990346	0.45848489481425364	1.306323382600219
0.050458580459203636	0.915353070138575	0.6347976351227069
0.08445903823349228	0.5404683886584765	0.5025784136913108
0.07447681465948854	0.5669551848517743	0.789913256224362
0.046212005741588014	0.7773889438513508	0.5302062855553574
0.09356089461701922	1.0230526239882025	0.5144186305996089
0.05639303105560227	0.9031444773590301	0.5005752902186369
0.03998449538215197	0.5556316464858526	0.7681276207527282
0.08714068752568631	0.7197351883858055	0.5562346744603862
0.09369322671620929	0.6507872266611854	0.5664483056526901
0.07165988536263193	1.149499621228958	0.5551558298336626
0.08636546655296556	0.7167790529017453	0.5632716760173923
0.07480963728496354	0.5349669353572727	0.5147364784227647
0.07638823249666152	0.48268655121736553	1.4671019866112285
0.09122398928339695	0.4738960095431106	1.7774812375742912
0.14394927176621244	0.6681733470986481	0.5450637795834418
0.08021119905491371	0.4999112602742085	0.5595331638130273
0.10985140097890343	0.09651672756760443	0.6418571886338869	7.514799363246039	0.5580596073840883
0.09912957807071741	0.7069861284996903	0.510677386226519
0.1255033962956995	0.8872706913296412	0.6303252090110323
0.04827872832168895	0.7351689116568224	0.6159826566513343
0.03182033882436391	0.6522540913140207	0.5943367571721285
0.08413184237948758	0.813114669663106	0.5148525833521879
0.03926107518890373	0.7092516502886117	1.4010233785839277
0.02047664607452005	0.7162470502631427	0.603289304933259
0.02097776901535958	0.14248647690832636	0.6178153768299781	1.7276054090395014	0.5413153919705951
0.01575699055849137	0.296125605629044	1.7713119882596033
0.022070336818159956	0.3168070567952025	1.4095163580423906
0.02583798993980863	0.2426423781299729	4.7463551904740315
0.01579387919634227	0.28514942795693915	1.341781089716695
0.02000008439383358	0.3865685045581189	3.121976323303082
0.017403333163781176	0.23314233560301748	1.7131670088435929
0.01738251396745093	0.25243636027333055	6.031838433090858
0.02421199376278794	0.11264292341297094	1.591623543520447
0.15096371327594638
0.12308515464176871
0.20711197200723755
0.0910240126048628	0.6071169141701779	0.6461937893040898
0.08381792102415303	0.4876617935751989	0.8921597739352105
0.12871407150237965	0.5621029352471983	0.6808762502666139
0.13240748886062415	0.49859727202078885	0.5040798977618511
0.200394253747731
0.09608730239982914
0.09211633397391485
0.1129122942035131	0.14747679206302058	0.15873948490197032	7.830401440380513	6.5069337040607875
0.05259588194740074	0.2330701162208314	1.4903094590610695
0.08363673764625028
0.05086464417954751	0.4292838698667219	0.1935916579684036	2.561770076177229	1.1521945465179453
0.08532543599586183	0.3283653038528466	0.5951138563410664
0.09762364727724747	0.5508989591675292	0.5327024750273979
0.09492044656221116	0.3130814390206795	0.7444648730504982
0.07027957654472979
0.2841214515633836
0.1921899448680209
0.07535833909025984	0.14225915427438604	5.539370717686569
0.1651891879087415
0.1221732948797449
0.1124249382120321	0.14979886254169458	9.944864121963493
0.12396380446936263
0.1967102755227868	0.20777389058161186	0.5019711706718688
0.07544719912830546
0.16382169814188938
0.1501994276617066
0.21751711580061278
0.1663862566060478
0.18865003751150752
0.059015229808929294	0.16220789081716616	3.062005036757397
0.08840642599934846	0.18519017629022694	2.504335661779208
0.2107376224314124
0.023365871221141872	0.32773653336982067	1.7270444790778625
0.0426226636470393	0.41473058531667206	1.794474087579796
0.051479201772114236	0.42345619025762	1.7195598537910743
0.03280380745967736	0.5058166053089351	1.4896663541998845
0.01838214469779265	0.296401161394284	0.5833217585028478
0.0190276434311307	0.248703151694988	1.1336538047143905
0.021423303452728547	0.31359642568024726	2.053921392427056
0.07116737974999296
0.07273632774906004	0.2963385172348496	1.0776129130723222
0.0719953573815225	0.398818790841658	1.3359394907317848
0.052532309856309675	0.3887066861379545	3.087975809321299
0.13823752998511435
0.10123616200194648
0.04931169263236137	0.4029074647302168	1.0866706357814544
0.03024695184491129	0.19911069955505273	1.826854970929984
0.01802782801330966	0.21175486572488988	2.4179076033672997
0.014597662738967893	0.3205376841717367	2.860493464039867
0.011553971648089901	0.16133694583724442	1.4644361454413155
0.014252203760391203	0.2731559888664439	2.9757376235317894
0.02568586896378989	0.2893650447025521	3.5445317330482284
0.02478581108925211	0.27579426260213347	3.7264218395996838
0.04263007076635542	0.09616819323507908	4.3764220392362
0.12355913200090271
0.12357907318243563
0.1188897118724626	0.6631054724279188	0.660521794703179
0.10811543769290562	0.656059116180746	0.5792789656856673
0.10623071702851823	0.7554208203743381	0.5665376142436661
0.0707693131967966	0.4714760426071735	0.6128747906803589
0.08055199190310594	0.48501840730070994	0.8340113511331898
0.05502167837033469	0.37620835283862414	1.4782290583780155
0.04661142592781882	0.24886639602748864	1.8092484251238878
0.044832237797637946	0.3268901505374862	0.5527799424146922
0.03718116057978853	0.58235143563947	0.5523647638242033
0.04110293442634717	0.650929805085135	0.5131949100337997
0.08434591118141777	0.5062956119536407	0.5705909502240681
0.021282967017948268	0.07404950010901633	0.6530900661223897	6.7557427867842215	0.5032605686376611
0.08551144477889873	0.5898492463471775	0.5505074511412303
0.14781229111912703	0.4198581487540148	0.5144879615906772
0.08445489032554696	0.5432804347380196	0.7089508651561409
0.06713551610231316	0.6817543848013327	0.5190657051946571
0.13566343412780624	0.6635068837599746	0.6432433915918282
0.06597958130145337	0.7916770734040229	0.5790742632037212
0.08808613073892525	1.1579554745252174	0.5120711520112334
0.12442797682571223	0.09888262287251066	0.9362533880810372	7.115872273240157	0.6494019152405931
0.12887837457150936	0.1462713092518769	0.5990148638750915	5.798656728459069	0.6701213365967496
0.12754290727115716	0.4831569856214299	0.7584680003980826
0.18024019566270338
0.1853331687790453
0.34064262799957956	0.15196055839152794	0.29236314322047996	9.897384363846156	1.1982475346050374
0.17404614345799393
0.12067426907281899	0.17911742778034925	8.402526441942397
0.09210993573500091	0.3599736188136027	5.156371863358842
0.19555589857525055
0.09005998519105439
0.13942054373162455
0.16414493093600369	0.15651130117550743	8.113650797563396
0.17928725629632322
0.08272741367168661	0.10248931134268018	7.162802593516295
0.09181547522248865
0.08030749668121323
0.09443925425218574
0.13510018707473226
0.08725957314503652	0.4163760073585414	1.67885240822836
0.054644090887052556	0.44974842540017274	1.846372657196948
0.191989020310013	0.05848655794574201	0.37857982268182444	8.452926391972754	1.865016437823786
0.09580116190641653	0.6652688331241695	1.1354391211505792
0.11164647754334421	1.082053186042788	0.5305565258001284
0.22781852456617027	0.13079088640155792	1.0698096460591529	1.7491011101031617	0.5297300976376975
0.28545881436200754
0.0814824586072252	0.3589051440171397	3.2200643661482533
0.09555632780644599
0.11503193455509896
0.17700963159816885
0.28784377126477984
0.16744327601048045
0.14036843405382485
0.1036865399216116
0.13879423687508152	0.1270241028728131	7.4865611410483845
0.20676946488339018
0.1685805816928628
0.17358562841938166
0.06265358064168476	0.13644772391166118	5.754001520378042
0.2672582814724804
0.1376870823579148	0.5486598848277316	0.5393557916919866
0.08266279124912605
0.13387699671034586
0.2440254610666001
0.2169983394143884
0.15694215081254784
0.1340090537805226
0.10261174449681709
0.1351144905497071	0.43315385287516184	0.5215778726682453
0.07351995789165892	0.2309904399577384	3.0936613417498244
0.24930902700960236
0.13799466185060497
0.06931591694633085
0.04969489062322579	0.41824451456066286	1.9992032206437917
0.23111119560664733	0.07057813766100772	0.3595774351255082	9.349873328388192	2.4888739611119592
0.04063955225838849	0.42683584762083954	1.8090953563695482
0.014087607673030708	0.16253906547635308	7.578296904607106
0.00942614617132239	0.11624364017807053	8.790133759785062
0.020345292267490083	0.17288382813644504	3.980005613785464
0.06826627347301537
0.09126027474839804
0.14499808687558155
0.05294895577432686	0.13463283891619512	1.8270000136482838
0.07008544947807882
0.02223907783194577	0.16670213253578783	0.1639544628263672	7.688648114797102	5.2036801147734995
0.20970499176521762
0.06907423036454335	0.28005745184117115	8.258520571731557
0.16388332610477482
0.16668276077870411	0.1634130947981301	4.368962844119057
0.1640141855250665
0.3040207277291924
0.15882501766039284
0.06103222301965238	0.15953217798706812	2.2397070802963475
0.10230957345573406	0.3983971152436042	3.0436933526686616
0.13711982487885777	0.47552637055573765	0.5631357830493464
0.08929999058482893	0.42092846423090635	1.653423578822447
0.11421867691498747
0.08104833664122393	0.21594170104665583	0.49972643622652885	10.028676168515645	2.4495898879008275
0.13697128734070566
0.12645202268348726
0.14435104285875475	0.36731559919629553	1.9922031771612563
0.24502606581761502
0.18798057881870203
0.12916648665453756
0.1531628108484597
0.09637973342753008	0.25044836538889087	1.7074742642015064
0.16432093146259424	0.35160279579956294	1.0852742489873837
0.12266130597685003
0.19431238694589764
0.057590625125740556	0.21954095624343287	1.8543381323351449
0.10383561985955714	0.7237738431003927	0.6898836019963563
0.11178434404060149	0.4579616491794912	1.6090911012979823
0.10127020151437666
0.09537815174384703
0.08533182623313142	0.16407752479355006	3.845774006081823
0.15285334964012184
0.18244332876426944
0.21414344006907185
0.0897614342914521
0.1237669870974893
0.10451612317024737
0.1882956550285983
0.16520483066049915
0.18015839864013417
0.13299978238236684
0.19930665630703925
0.07663282596146809
0.07539638069909538	0.19005354853692388	3.6417472120002827
0.19910984556297537	0.19647880999960188	0.27283998468668386	3.6061833747337753	0.6355416015376534
0.14227275808061962
0.14520953437849193	0.45411770980500377	2.0525804362723776
0.08733647809390176	0.25653694037302194	2.438384254789656
0.07662114917723845	0.41082172896450936	1.2337530811927706
0.04233910334344525	0.3011683424159924	2.2388649783769363
0.024695010463776847	0.5839339011104885	1.703357279297701
0.018060988129375156	0.1669783288247967	0.6195671431673483	1.431564118138008	0.5763957588360915
0.024303012187351567	0.2349173876429804	0.3685980985732693	3.2816749325693797	2.1549152021035183
0.11423997640743683	0.13801801197152977	2.877396511488806
0.14209726154399285
0.15757899652825155
0.04359593400187834	0.3590865396963355	2.073547404709079
0.02466875929981571	0.6316161525408013	1.1050706029316522
0.085445498114404	0.14140208089760337	1.1381113683475723
0.0590664916115531
0.1694792546808699
0.2164217023132467
0.1618065801185027
0.14062809449760988
0.1442736716097167
0.11270134082208291
0.10609886191052262
0.11640462821313237	0.028778936574962923	0.1478724318669609	10.166650591231269	3.413803777131546
0.20951232610045453	0.017593027442706306	0.23938649975967372	9.969027358207285	2.879511266390172
0.250852551682712	0.02057103786842338	0.10105447903058863	0.270234754621847	8.967889831391778	7.007819124004595	1.48801503992798
0.11582847941651501	0.6530824770962219	0.5687761967961007
0.08499689610010601	1.0246557069340945	0.5397499158293316
0.07779860517644833	0.5060872886659475	0.5631278880976242
0.0671314586119918	0.03847549367620307	0.6740795606747869	1.2154358154912885	0.5488981430386622
0.040301465527677556	0.1018290006091847	0.4424759639378738	5.70357915514029	0.8343449062043916
0.0328233744431019	0.4517219318014298	0.5894542792037989	2.459372369419231	0.708557445088165
0.0346748654878418	0.6404491036077079	0.5672724084393029
0.03284083013871599	0.5136971575096678	1.9027126733104462
0.05207741822871332	0.55165502197218	0.6942301205010326
0.05111791525083562	0.3995284473185709	0.5574185735340164
0.048574276022087866	0.5644643101012388	0.755453920912398
0.08657109452733544	0.6223503866882034	0.8074364239317635
0.06027930715412768	1.323909040573304	0.5024797423418802
0.10675630150331114	1.4748297518448759	0.672917640649885
0.12633109509356122	0.7048798008105179	0.5179884244805953
0.07865878567328964	0.6841532227079192	0.561636721949209
0.06946409015429848	0.5380150031916696	0.6255524846265504
0.13242137766594772	0.3039416262127614	3.261272382945851
0.14325014280259607
0.11857189457129486
0.1310812654670958
0.10072382662587355
0.16339226814814245
0.17495558356266924	0.31124934678829647	1.4087505377401328
0.09470599311687418	0.14909300453999674	2.0434980201798734
0.07975253405350878	0.265482893639689	1.908816009457134
0.14152506874235957
0.1512405374638143
0.10708590352716851	0.5201744281349205	0.5408660848339599
0.1172625255366743	0.5529346422232192	0.572046896694061
0.11122265512599798	0.7539813641469427	0.5881202072535402
0.07129590045469976	0.5970403665440798	0.8209275951160043
0.12830319100878051	0.4314842321577678	0.6861904547708518
0.04980377824345971	0.41793238760246904	1.9341904483236512
0.07027748463640458	0.6067570254297224	0.6435680133510627
0.19339003637541893	0.7029846572805549	0.5766956560581973
0.08860712783372751	0.5553910187707155	0.6645473197777829
0.14075617685254574	0.43372849888779713	0.502543335799956
0.08279758555003633	0.47792553567019513	0.8716799472436422
0.09134308049757182	0.5313395530000753	0.5356905106824283
0.08795218277743769	0.5216544336150554	0.6475162855084697
0.0798954816019223	0.5876674037276846	0.7017616369205341
0.19958288008934266	0.3863950645557164	0.5625639071864631
0.10578511034247388
0.10822419487484627
0.1559446088093062
0.08084995424905371
0.12242295196050204	0.174282561942219	3.9711655809353266
0.11087773973229594
0.19115997691973324
0.1379278652216825
0.06420547012263851	0.22423573976716468	4.039039925673078
0.1237522640421809	0.2116823694633617	8.275086372643035
0.15901286324359365
0.18194956686636876
0.06634802094328401
0.11381073722105385
0.10552279280004678
0.07610152541048323	0.4511014677741249	1.6612272601813913
0.055699139706891325	0.34147399640653553	2.622054924092806
0.07115213612236228	0.4199336427964735	1.3988165425976151
0.05455853424743496	0.3941727777782129	0.508131073481418
0.07137198910914404	0.4454419157663251	0.5740276896605193
0.04427088827464028	0.27487959814480906	1.5541801406114737
0.05967202477616168	0.2463812061915875	2.836969682665033
0.092327882497402	0.27428196280402256	2.502299104306044
0.11961221303781171
0.5380289092469744	0.193776680655542	8.125844654242218
0.1457535100099309
0.09833148165260346	0.3354355405160202	0.5853974302470899
0.05362036328818853	0.08706367191242886	0.5360878024115237	2.902703420000517	0.5622255866714949
0.037026034360878535	0.4063803539849256	1.851730728627858
0.07155100430972508	0.4095128955839902	1.4095798853665853
0.05883292142737926	0.2888474150459654	1.768331652506333
0.07648866607600976	0.30331042894561494	1.159752510241916
0.22228585798528688
0.1548501817860327	0.5669064153119461	0.7243042633575169
0.12180715240550243
0.18042234981806274
0.13312722942415015
0.09343992564763672	0.09091802698387387	0.21256500535104259	7.207125075431614	3.122577100582433
0.06680219235128403	0.1380668481760332	4.003040100259556
0.13647057068671042
0.07148658598689525	0.23639353638217742	1.8470061185393234
0.13146551431093406
0.08746999237242147
0.4507808101223661	0.08822594482283362	0.35162257782284206	8.084808560686193	1.7220106174287182
0.14830854818415476
0.10031368104668494	0.37807660450216746	3.1303361908796683
0.0724849079051514	0.3403997426194637	1.8769564880130853
0.05719201365443339	0.40962145416126	1.6446566419692221
0.06407203718326128	0.2931720841307817	3.3456782496814554
0.05293200753243846	0.2855205926688407	3.1546315957438575
0.10633558975204398
0.2340397416461251
0.6087668184610829	0.10013235586201015	0.4732659119710057	9.689170820983245	0.5634401959128319
0.4910433900956412	0.1226947505228037	0.5102911165562041	9.382286618159585	0.7118935807811902
0.3504006661893945	0.09275372802155021	0.4879903452248466	10.1865763919154	0.9616800905729854
0.8082563235416608	0.07775034666654541	0.6069521388786974	9.648054977198916	0.8353682604442322
0.5147527850690822	0.05884471436506334	1.0230559924519036	9.560776757898084	0.5803352548102413
0.3691045029563098	0.06699422378589007	1.003074623371443	10.085478207583279	0.5967268554668476
0.8547549623325259	0.08576353134932366	0.9757984765631609	9.75239429683723	0.5883067867099107
0.27949764796368465	0.08463356949239922	1.0215039342593009	4.077138788108259	0.5519613071191598
0.0760935990662668	0.9461213139424789	0.6890912693703648
0.10635105044003929	0.9090172297231902	0.5324254899085927
0.15336037871828492	0.6776909747921824	0.5177001303717343
0.08155100208469962	0.9038026831268298	0.5098635958653515
0.05729233331658534	0.9453780322137019	0.5172239404779576
0.09291558554299852	1.0974181970820942	0.6571800177150728
0.08189025859014994	0.9635164780922909	0.5473293421113372
0.09312095756770408	0.8164277505313354	0.5140063262262609
0.07964213110889881	0.42503636379811316	1.1377096918516298
0.08383952730744758	0.8393745999183891	1.17820113776928
0.0713405820709851	0.42602096181510496	0.6101780251091006
0.08843910509599338	0.42619342478898775	0.8610144491724934
0.14151802569786798	0.23570558585635998	2.0228099486563798
0.22774588012182	0.19771041578177295	8.925338314310586
0.20079920519621347
0.18373668389883227
0.1538367905614223
0.17158379251234815
0.10732718841551887
0.029714826614737743	0.12140647348660076	2.4796191302364265
0.09023062258631019	0.22377400102045011	1.5894406762500473
0.044113948947739394	0.2525816371889976	0.5093539830493213	2.890688047254211	1.0581115250447177
0.0671702613322467	0.30180436505486663	1.523248777538082
0.045832196419247455	0.35187882565346046	1.4468609290434715
0.012595282295794702	0.3562320049977349	1.7557996482586136
0.013173061719955447	0.4847134679452474	2.460763018081099
0.021290586996389863	0.39023778045034657	1.8529733249601086
0.027027730605082654	0.37199581851814406	2.2334747344708723
0.026801165519517715	0.2038637018987253	0.2535145029225993	3.5054060072624518	0.5459243002521642
0.030584516329526037	0.2672861870268694	2.001920861846297
0.035141780174176344	0.2429910926814432	1.6620329939770007
0.08304536209561705	0.2896873195680519	2.1801757990457933
0.05275579656878737	0.3962722549259365	0.5362140526331786
0.048610714337432505	0.8179991607702871	0.5458876161703244
0.04454383300184641	0.8729637912764195	0.5029897767368537
0.025614029109550147	0.9097128058821385	0.5136853736339159
0.031288182315654896	0.6860021772334851	0.5093500055131367
0.04319046491171791	0.39219063676682026	1.2758327267846423
0.17452841275314857	0.015790715376292456	0.30922057100419453	9.634401052229084	1.5282292442464906
0.1263269088328177	0.016670966094647754	0.2345426637382497	7.979661268781029	1.8401327320609164
0.08479454040988504	0.010484255583831675	0.285006543522272	8.839209049209195	2.1611186871155357
0.03413720195453128	0.210398484253965	1.5401687000184792
0.03923503578575615	0.2681870813674542	2.8054408717950166
0.02997998409716381	0.17819097936315323	3.525512637406351
0.06749975010000295	0.3002116376094056	1.4888023365486773
0.07624015369147263	0.21403059727380147	1.3399122664697625
0.049128053342086794	0.21618806142905922	2.8680593153770255
0.04737868253848185	0.4141074312248316	2.9363679752192136
0.05394567546303384	0.20652571136033318	2.760882652816305
0.03745671237738619	0.0804738005820037	4.153567344249397
0.10110743021099784
0.19254504855980412
0.07494531201796545
0.10912145658132921	0.33933892369504703	0.8806755981208118
0.10473757043657307
0.05078439838074131	0.2795564486558532	1.3308644384258663
0.09397032985281184
0.3029389118396009
0.07342082428231929	0.34184460484633306	0.8997802962198983
0.047886468030573046	0.2807398324655784	1.8540842505432262
0.04695363970258868	0.4667368503352512	0.5915019247949619
0.0287776344439803	0.815549003695054	1.3699883020043626
0.023522717624194667	0.27825454686911966	2.0814491200806264
0.027622255542621942	0.15827166846943713	6.013299479497842
0.14924926506431405
0.13704834968210602	0.5853149572675947	0.5286945140873451
0.1323731905804327	0.2118449319609542	3.5950624920921572
0.18066321165949156	0.11518398476409514	6.619973471759584
0.11808877956829054
0.2552971178284918	0.11932250616251465	8.638596130521217
0.14930751848608503
0.12139485662354842
0.16236405994367156
0.1315919755072212
0.18010317308522442
0.07336420561638432
0.14853544471512897
0.16570394441465272
0.14913101993779668
0.13046672741991397
0.14519768007074563
0.06503720186779138
0.11797240170896475
0.10333409839609904
0.13055262271653115	0.30290293331521545	0.735925002361193
0.11884261740956013	0.5098032577037708	1.3464301865560258
0.04795484179500448
0.031702291153970136	0.2138250801211801	3.45344827417779
0.03169163987470123	0.20833496684735847	1.2214790028907032
0.03150838708431181	0.24613035769834907	1.9758961603224932
0.03636694752701362	0.24210062170974095	0.20699922736081228	3.0205707265901154	1.4637862442768106
0.033385108024830995	0.2414112903014855	1.9716797880842056
0.05062724075778278	0.30041900468201727	1.627609272971111
0.06964420292139317	0.31801756186283725	2.0628054297848806
0.05675478324178375	0.24773059533008915	2.066216171702979
0.08480072639179417	0.5806023088049557	0.5349896317530851
0.14991815615903403
0.13952563983688387
0.14778436593148142
0.08859842583920369	0.2669397053654508	0.7872838684115008
0.09324564244216973	0.29496115488627866	0.9040871265290501
0.07748266578723711	0.3357347436230254	1.8616540408375368
0.07993502958904367
0.1646149250672543
0.24883598627347758	0.1443259240633649	8.25068518843703
0.1289266574360166
0.18524664636639152
0.14879138854551524
0.12038309486007162
0.12526634524476402
0.1911965481093228
0.11213689253957744
0.13099599124570363	0.3397573367023851	1.0574273538960082
0.15432223327795136	0.48897012420543867	0.6181439274932524
0.13262474426450102
0.13187396819464625
0.10610959408100824	0.4920033469784523	1.3847390811781612
0.1399118481960513	0.5149748700463882	2.1181757316951235
0.251591859545018	0.45609575874176256	0.5055004892275781
0.17277082776046612
0.29974091869604513	0.12055250228452163	9.406236731901748
0.17013871604889858
0.14448357369171236
0.2906394835784834	0.15909916823664927	8.856277076374763
0.05357379930956224	0.14981911086034222	0.8361928553756824
0.023616128578418518	0.11714046532321182	3.495098631160807
0.018883391235455967	0.0839174566115305	2.4918970472676185
0.010059148240864731	0.1734256342056667	2.8144268974216446
0.011499742951546715	0.25559821343363126	3.7271659761771616
0.007737892059056567	0.33082553759085914	3.420974773980298
0.013008368017875327	0.4640923376473929	1.885674920651302
0.04843589793810316	0.02169305218602661	0.30922882976210136	8.570118427631364	1.8578624630476184
0.09771318044775258	0.37957861356451655	2.3043830260822924
0.09673613470989514	0.3140902975235626	2.015268669604846
0.16561015617331357
0.1415177266432479
0.1328973498420689
0.16089564645268042
0.1256458552875011	0.0909275282127444	5.328449908583194
0.05100222250285945	0.16767237611120178	3.194473959755382
0.04077392377155885	0.20066799034117114	5.6809267914848816
0.10615430636822855
0.14239224133288103	0.1712124492468704	5.9740262047606345
0.10085893412272688
0.06785533397000909
0.16015081164154804	0.1663994517188621	1.4155715996000038
0.08841894173631026	0.11278011475676165	4.764815566685123
0.13862973117943028	0.6281744431869554	0.8305069059336839
0.12010574107852794	1.4018839416972932	0.5696575231302781
0.05567440146430134	1.288282286284441	0.5153928772255666
0.06775079121065196	0.7311177423755967	0.5752291429593379
0.11044685550183965	0.5859454105947562	0.6501209045307764
0.1209905632666204	0.35608497874389083	1.8607192625615885
0.1256113642079465	0.8034217399116613	0.5646317386646534
0.03831496495141478	0.10039460973878186	0.5421429281322013	6.324906159255838	0.5984471903246695
0.11766642710272553	0.07692373746583016	1.0664953844041272	7.859185326517384	0.5519171134984252
0.06331612071234945	0.9138711862322485	0.6808722474449247
0.07246443502627012	0.9143699785847502	0.6565341402577136
0.0913570408018867	0.5727068451689531	0.8607534900706951
0.10010145781452326	0.33653862348888924	0.5628415290564401
0.1153463757448862	0.5150306139118188	0.7885542865878572
0.07399557770534394	0.3890325911670594	0.5659457281277418
0.02590846797061343	0.3008215292382356	3.0163176508592833
0.06776458529576379	0.4227508989844534	1.276283922544022
0.03784995818146551	0.29601830048664574	1.9234865811574955
0.022441142971600703	0.3901540072573082	4.715363241202431
0.03761337324255918	0.27319344843009646	2.328819002598583
0.020652430807158364	0.3357693301793612	1.352047544393221
0.02402542382062789	0.32373228569104545	1.9187131493064014
0.031190640076135017	0.4771333557035371	1.379979921048041
0.05079355400417912	0.24401184998530864	1.4630094106677571
0.022115532079109806	0.43171746812744466	1.600997287146336
0.013280439127243781	0.32533246374362423	2.147779868422643
0.026959070000067118	0.4648667924357962	0.5234528434908017
0.04407162546543974	0.15590033304542275	0.31558855790846496	1.5561674235830483	0.8805742675965723
0.04305643110365013	0.20340004400065512	3.0735804311874046
0.027233594229423234	0.2227836000116172	4.316450500272036
0.027376305816296923	0.29059916236723554	1.8708015499962571
0.04081562626660464	0.20748967578736072	1.9377201192139553
0.03731524299156392	0.516425696712856	1.9355988782253553
0.026286562087936196	0.2417034381392184	2.3714510303990863
0.016067794481102144	0.15725739147495757	2.056870013428792
0.016793272116909126	0.10084232977915263	3.6421314531407805
0.015077970769236886	0.1463947193851035	2.0053586974886772
0.018678034722769635	0.1635182868871506	4.4595920796402035
0.031363777255308915	0.23838065919373824	0.2182003926100659	4.352956595069844	3.0964537050588854
0.02068267891416811	0.35107837870844444	2.366072361292664
0.04110239319874649	0.24169437741742222	2.950645491580199
0.05643726768063292	0.3077738361677032	2.37831451211865
0.04017036181154238	0.39245374442056213	2.907290915680024
0.03684659140571039	0.5256536394691933	1.5510682616358944
0.032261973923357924	0.29569617285911626	1.790576694120371
0.046513691927037706	0.19923661759057498	1.8991638228453882
0.16980933678853471	0.05750614764186115	0.27359669106473217	7.199121424206866	1.8648261698762403
0.11567150269736444
0.17703706170734532
0.04458934237794645	0.5142637308128264	1.8525035367154603
0.04265176222897462	0.34759377464327595	2.032841282997108
